// Jest Snapshot v1, https://goo.gl/fbAQLP

exports[`Work renders correctly 1`] = `
<div>
  <div>
    <aside
      class="menu"
      data-testid="menu"
    >
      <a
        href="/"
      >
        <h1>
          Teun Zengerink
        </h1>
      </a>
      <div
        class="hamburger"
        data-testid="hamburger"
      >
        <span
          class="line"
        />
        <span
          class="line"
        />
        <span
          class="line"
        />
      </div>
      <nav
        class="navigation"
      >
        <h2>
          Projects
        </h2>
        <ul>
          <li
            class=""
          >
            <a
              href="/work/my-first-project/01"
            >
              My First Project
            </a>
          </li>
          <li
            class=""
          >
            <a
              href="/work/no-statement/01"
            >
              Project without a statement
            </a>
          </li>
        </ul>
        <span
          class="socials"
        >
          <a
            href="https://instagram.com/t.zengerink/"
          >
            <img
              alt="Instagram"
              src="/img/instagram.jpg"
            />
          </a>
        </span>
      </nav>
    </aside>
    <main
      class="main"
    >
      <div
        class="slideshow"
      >
        <div
          class="previous"
          data-testid="left-side"
        />
        <div
          class="next"
          data-testid="right-side"
        />
      </div>
    </main>
  </div>
</div>
`;
